// Jest Snapshot v1, https://goo.gl/fbAQLP

exports[`<App /> It matches the snapshot 1`] = `
<LoginPage
  updateUsername={[Function]}
  userName=""
/>
`;
