// Jest Snapshot v1, https://goo.gl/fbAQLP

exports[`<Button /> should match the snapshot 1`] = `
<button
  className="btn-2"
  disabled={true}
  onClick={[Function]}
/>
`;
