// Jest Snapshot v1, https://goo.gl/fbAQLP

exports[`<CardTopic /> should match the snapshot 1`] = `
<section
  className="card-topic"
  onClick={[Function]}
>
  <h1
    className="card-title"
  >
    React
  </h1>
  <p
    className="card-body"
  />
</section>
`;
