// Jest Snapshot v1, https://goo.gl/fbAQLP

exports[`<CardTextArea /> should match the snapshot 1`] = `
<form
  className="cardTextArea-form"
>
  <label>
    <textarea />
  </label>
  <button
    type="submit"
  >
    SUBMIT
  </button>
</form>
`;
