// Jest Snapshot v1, https://goo.gl/fbAQLP

exports[`<MainPage /> should match the snapshot 1`] = `
<Fragment>
  <div
    className="mainPage"
  >
    <NavBar />
    <CardSlideshow
      renderNotFound={[Function]}
      renderReview={[Function]}
    />
    <UserSection />
  </div>
</Fragment>
`;
