// Jest Snapshot v1, https://goo.gl/fbAQLP

exports[`<NavBar /> should match the snapshot 1`] = `
<header
  className="navBar"
>
  <h1
    className="mainHeader"
  >
    ThinkDeeper
  </h1>
  <form
    className="navLinks"
  >
    <button
      className="btn"
    >
      <p>
        Profile
      </p>
    </button>
    <button
      className="btn"
    >
      <p>
        Sign Out
      </p>
    </button>
  </form>
</header>
`;
