// Jest Snapshot v1, https://goo.gl/fbAQLP

exports[`<NotFound /> should match the snapshot 1`] = `
<div>
  <h1>
    Not Found -- Under construction
  </h1>
</div>
`;
