// Jest Snapshot v1, https://goo.gl/fbAQLP

exports[`<UserCard /> should match the snapshot 1`] = `
<article
  className="userCard"
>
  <UserStats />
</article>
`;
